I'm sorry, but errors were detected in your script. Please correct the
errors listed below, and try again.


File "game/script.rpy", line 149: Only one say menuitem may exist per menu.
    gg "Повезло нам с руководителем"
                                    ^

Ren'Py Version: Ren'Py 8.0.3.22090809
Wed Nov  2 01:15:32 2022
